// Jest Snapshot v1, https://goo.gl/fbAQLP

exports[`App should render App 1`] = `
<View
  style={
    Object {
      "backgroundColor": "#D8E4F0",
      "flex": 1,
      "flexDirection": "column",
      "justifyContent": "flex-start",
    }
  }
>
  <RCTSafeAreaView
    emulateUnlessSupported={true}
  >
    <RCTScrollView
      style={
        Object {
          "marginTop": 100,
        }
      }
    >
      <View />
    </RCTScrollView>
    <View
      accessible={true}
      isTVSelectable={true}
      onResponderGrant={[Function]}
      onResponderMove={[Function]}
      onResponderRelease={[Function]}
      onResponderTerminate={[Function]}
      onResponderTerminationRequest={[Function]}
      onStartShouldSetResponder={[Function]}
      style={
        Object {
          "alignItems": "center",
          "alignSelf": "flex-end",
          "backgroundColor": "#3F51B5",
          "borderColor": "#ffffff",
          "borderRadius": 100,
          "bottom": 0,
          "height": 80,
          "opacity": 1,
          "position": "relative",
          "right": 20,
          "width": 80,
        }
      }
    >
      <Text
        style={
          Object {
            "color": "#FFFFFF",
            "fontSize": 55,
          }
        }
      >
        +
      </Text>
    </View>
  </RCTSafeAreaView>
</View>
`;
